[colorlib.com/preview/theme/unica/index.html]
[backblue.gif]
[fade.gif]
[index.html]
[colorlib.com/preview/theme/unica/img/favicon.ico]
[colorlib.com/preview/theme/unica/css/bootstrap.min.css]
[colorlib.com/preview/theme/unica/css/font-awesome.min.css]
[colorlib.com/preview/theme/unica/css/themify-icons.css]
[colorlib.com/preview/theme/unica/css/magnific-popup.css]
[colorlib.com/preview/theme/unica/css/animate.css]
[colorlib.com/preview/theme/unica/css/owl.carousel.css]
[colorlib.com/preview/theme/unica/css/style.css]
[colorlib.com/preview/theme/unica/img/logo.png]
[colorlib.com/preview/theme/unica/about.html]
[colorlib.com/preview/theme/unica/course.html]
[colorlib.com/preview/theme/unica/blog.html]
[colorlib.com/preview/theme/unica/contact.html]
[colorlib.com/preview/theme/unica/img/hero-slider/1.jpg]
[colorlib.com/preview/theme/unica/img/hero-slider/2.jpg]
[colorlib.com/preview/theme/unica/img/services-icons/1.png]
[colorlib.com/preview/theme/unica/img/services-icons/2.png]
[colorlib.com/preview/theme/unica/img/services-icons/3.png]
[colorlib.com/preview/theme/unica/img/services-icons/4.png]
[colorlib.com/preview/theme/unica/img/services-icons/5.png]
[colorlib.com/preview/theme/unica/img/services-icons/6.png]
[colorlib.com/preview/theme/unica/img/enroll-bg.jpg]
[colorlib.com/preview/theme/unica/img/encroll-img.jpg]
[colorlib.com/preview/theme/unica/img/course/1.jpg]
[colorlib.com/preview/theme/unica/img/course/2.jpg]
[colorlib.com/preview/theme/unica/img/course/3.jpg]
[colorlib.com/preview/theme/unica/img/course/4.jpg]
[colorlib.com/preview/theme/unica/img/course/5.jpg]
[colorlib.com/preview/theme/unica/img/course/6.jpg]
[colorlib.com/preview/theme/unica/img/fact-bg.jpg]
[colorlib.com/preview/theme/unica/img/event/1.jpg]
[colorlib.com/preview/theme/unica/img/event/2.jpg]
[colorlib.com/preview/theme/unica/img/gallery/1.jpg]
[colorlib.com/preview/theme/unica/img/gallery/2.jpg]
[colorlib.com/preview/theme/unica/img/gallery/3.jpg]
[colorlib.com/preview/theme/unica/img/gallery/5.jpg]
[colorlib.com/preview/theme/unica/img/gallery/8.jpg]
[colorlib.com/preview/theme/unica/img/gallery/4.jpg]
[colorlib.com/preview/theme/unica/img/gallery/6.jpg]
[colorlib.com/preview/theme/unica/img/gallery/7.jpg]
[colorlib.com/preview/theme/unica/img/blog/1.jpg]
[colorlib.com/preview/theme/unica/img/blog/2.jpg]
[colorlib.com/preview/theme/unica/img/blog/3.jpg]
[colorlib.com/preview/theme/unica/img/blog/4.jpg]
[colorlib.com/preview/theme/unica/img/logo-light.png]
[colorlib.com/cdn-cgi/scripts/5c5dd728/cloudflare-static/email-decode.min.js]
[colorlib.com/preview/theme/unica/js/jquery-3.2.1.min.js]
[colorlib.com/preview/theme/unica/js/owl.carousel.min.js]
[colorlib.com/preview/theme/unica/js/jquery.countdown.js]
[colorlib.com/preview/theme/unica/js/masonry.pkgd.min.js]
[colorlib.com/preview/theme/unica/js/magnific-popup.min.js]
[colorlib.com/preview/theme/unica/js/main.js]
[colorlib.com/preview/theme/unica/index.html]
[colorlib.com/preview/theme/unica/css/bootstrap.min.css]
[ajax.cloudflare.com/cdn-cgi/scripts/7089c43e/cloudflare-static/rocket-loader.min.js]
[colorlib.com/preview/theme/unica/icon-fonts/fontawesome-webfont3e6e.eot]
[colorlib.com/preview/theme/unica/icon-fonts/fontawesome-webfontd41d.eot]
[colorlib.com/preview/theme/unica/icon-fonts/fontawesome-webfont3e6e.woff2]
[colorlib.com/preview/theme/unica/icon-fonts/fontawesome-webfont3e6e.woff]
[colorlib.com/preview/theme/unica/icon-fonts/fontawesome-webfont3e6e.ttf]
[colorlib.com/preview/theme/unica/css/font-awesome.min.css]
[colorlib.com/preview/theme/unica/icon-fonts/fontawesome-webfont3e6e.svg]
[colorlib.com/preview/theme/unica/icon-fonts/themify9f24.eot]
[colorlib.com/preview/theme/unica/icon-fonts/themifyd41d.eot]
[colorlib.com/preview/theme/unica/icon-fonts/themify9f24.woff]
[colorlib.com/preview/theme/unica/icon-fonts/themify9f24.ttf]
[colorlib.com/preview/theme/unica/css/themify-icons.css]
[colorlib.com/preview/theme/unica/css/magnific-popup.css]
[colorlib.com/preview/theme/unica/css/animate.css]
[colorlib.com/preview/theme/unica/icon-fonts/themify9f24.svg]
[colorlib.com/preview/theme/unica/css/owl.video.play.png]
[colorlib.com/preview/theme/unica/css/owl.carousel.css]
[colorlib.com/preview/theme/unica/img/footer-bg.png]
[colorlib.com/preview/theme/unica/css/style.css]
[colorlib.com/preview/theme/unica/img/about.jpg]
[colorlib.com/preview/theme/unica/img/member/5.jpg]
[colorlib.com/preview/theme/unica/img/member/1.jpg]
[colorlib.com/preview/theme/unica/img/member/2.jpg]
[colorlib.com/preview/theme/unica/img/member/3.jpg]
[colorlib.com/preview/theme/unica/img/member/4.jpg]
[colorlib.com/preview/theme/unica/about.html]
[colorlib.com/preview/theme/unica/course.html]
[colorlib.com/preview/theme/unica/single-blog.html]
[colorlib.com/preview/theme/unica/img/blog/recent-post/1.jpg]
[colorlib.com/preview/theme/unica/img/blog/recent-post/2.jpg]
[colorlib.com/preview/theme/unica/img/blog/recent-post/3.jpg]
[colorlib.com/preview/theme/unica/img/blog/recent-post/4.jpg]
[colorlib.com/preview/theme/unica/img/blog/recent-post/5.jpg]
[colorlib.com/preview/theme/unica/img/blog/recent-post/6.jpg]
[colorlib.com/preview/theme/unica/img/ad.jpg]
[colorlib.com/preview/theme/unica/blog.html]
[colorlib.com/preview/theme/unica/contact.html]
[colorlib.com/preview/theme/unica/icon-fonts/fontawesome-webfont3e6e.html]
[colorlib.com/preview/theme/unica/icon-fonts/fontawesome-webfont3e6e.svg]
[colorlib.com/preview/theme/unica/icon-fonts/themify9f24.svg]
[colorlib.com/preview/theme/unica/css/owl.video.play.html]
[colorlib.com/preview/theme/unica/js/map.js]
[colorlib.com/preview/theme/unica/img/blog/author.jpg]
[colorlib.com/preview/theme/unica/img/blog/comment/1.jpg]
[colorlib.com/preview/theme/unica/img/blog/comment/2.jpg]
[colorlib.com/preview/theme/unica/img/blog/comment/3.jpg]
[colorlib.com/preview/theme/unica/single-blog.html]
